
> @luwte/web@0.0.0 build C:\Users\ThomasCortebeeck\luwte\apps\web
> vite build

[36mvite v7.3.6 [32mbuilding client environment for production...[36m[39m
transforming...
[32m✓[39m 199 modules transformed.
rendering chunks...
computing gzip size...
[2mdist/[22m[32mregisterSW.js                                                  [39m[1m[2m  0.13 kB[22m[1m[22m
[2mdist/[22m[32mmanifest.webmanifest                                           [39m[1m[2m  0.37 kB[22m[1m[22m
[2mdist/[22m[32mindex.html                                                     [39m[1m[2m  0.85 kB[22m[1m[22m[2m │ gzip:   0.46 kB[22m
[2mdist/[22m[32massets/newsreader-vietnamese-wght-normal-Czsa-EzN.woff2        [39m[1m[2m 11.93 kB[22m[1m[22m
[2mdist/[22m[32massets/schibsted-grotesk-latin-ext-wght-normal-hsMS0n0O.woff2  [39m[1m[2m 20.92 kB[22m[1m[22m
[2mdist/[22m[32massets/newsreader-latin-ext-wght-normal-C-3rgBeH.woff2         [39m[1m[2m 36.24 kB[22m[1m[22m
[2mdist/[22m[32massets/schibsted-grotesk-latin-wght-normal-Bb8VGrTG.woff2      [39m[1m[2m 46.75 kB[22m[1m[22m
[2mdist/[22m[32massets/newsreader-latin-wght-normal-CCVVNp6i.woff2             [39m[1m[2m 58.08 kB[22m[1m[22m
[2mdist/[22m[35massets/index-Me-F8-Sp.css                                      [39m[1m[2m 14.25 kB[22m[1m[22m[2m │ gzip:   3.37 kB[22m
[2mdist/[22m[36massets/index-BGs9Ziwe.js                                       [39m[1m[33m956.85 kB[39m[22m[2m │ gzip: 289.62 kB[22m
[33m
(!) Some chunks are larger than 500 kB after minification. Consider:
- Using dynamic import() to code-split the application
- Use build.rollupOptions.output.manualChunks to improve chunking: https://rollupjs.org/configuration-options/#output-manualchunks
- Adjust chunk size limit for this warning via build.chunkSizeWarningLimit.[39m
[32m✓ built in 10.33s[39m

PWA v1.3.0
mode      generateSW
precache  12 entries (1119.69 KiB)
files generated
  dist/sw.js
  dist/workbox-9c191d2f.js
